$ cd /workspace/shadcn-ui
$ pnpm i && pnpm run lint && pnpm run build

Lockfile is up to date, resolution step is skipped
Packages: +427
++++++++++++++++++++++++++++++++++++++++++++++++++++++++++++++++++++++++++++++++
.../node_modules/@swc/core postinstall$ node postinstall.js
.../node_modules/@swc/core postinstall: Done
.../esbuild@0.21.5/node_modules/esbuild postinstall$ node install.js
.../esbuild@0.25.8/node_modules/esbuild postinstall$ node install.js
.../esbuild@0.21.5/node_modules/esbuild postinstall: Done
.../esbuild@0.25.8/node_modules/esbuild postinstall: Done

Done in 1.7s

> shadcnui@ lint /workspace/shadcn-ui
> eslint --quiet ./src


/workspace/shadcn-ui/src/components/QRGenerator.tsx
  67:17  error  Parsing error: ',' expected

/workspace/shadcn-ui/src/pages/PatientDashboard.tsx
  49:31  error  Unexpected any. Specify a different type  @typescript-eslint/no-explicit-any
  52:33  error  Unexpected any. Specify a different type  @typescript-eslint/no-explicit-any

✖ 3 problems (3 errors, 0 warnings)

 ELIFECYCLE  Command failed with exit code 1.
$ pnpm run lint && pnpm run build


> shadcnui@ lint /workspace/shadcn-ui
> eslint --quiet ./src


/workspace/shadcn-ui/src/components/QRGenerator.tsx
  67:17  error  Parsing error: ',' expected

✖ 1 problem (1 error, 0 warnings)

 ELIFECYCLE  Command failed with exit code 1.
$ pnpm run lint && pnpm run build


> shadcnui@ lint /workspace/shadcn-ui
> eslint --quiet ./src


/workspace/shadcn-ui/src/components/QRGenerator.tsx
  67:17  error  Parsing error: ',' expected

✖ 1 problem (1 error, 0 warnings)

 ELIFECYCLE  Command failed with exit code 1.
$ pnpm run lint && pnpm run build


> shadcnui@ lint /workspace/shadcn-ui
> eslint --quiet ./src


> shadcnui@ build /workspace/shadcn-ui
> vite build

vite v5.4.19 building for production...
transforming...
✓ 1725 modules transformed.
rendering chunks...
computing gzip size...
dist/index.html                   0.86 kB │ gzip:   0.44 kB
dist/assets/index-Dek1mNFB.css   62.99 kB │ gzip:  11.06 kB
dist/assets/index-InPpzr0Y.js   431.41 kB │ gzip: 133.42 kB
✓ built in 4.37s
